// Jest Snapshot v1, https://goo.gl/fbAQLP

exports[`Button test exports modules correctly 1`] = `Array []`;
